test/anderson/anderson12.js:3:4: [definite] The variable x is never used
