fg2: <main> function()
  block 0: [entry]
    node 0: constant[undefined,v1] (test/flowgraphbuilder/flowgraph_builder0045.js:1:1)
    node 1: function-decl[function f(x),-] (test/flowgraphbuilder/flowgraph_builder0045.js:1:1)
    ->[block 1]
  block 1: [exit-ordinary]
    node 2: return[v1] (test/flowgraphbuilder/flowgraph_builder0045.js:1:1)
    ->[]
  block 2: [exit-exceptional]
    node 3: exceptional-return (test/flowgraphbuilder/flowgraph_builder0045.js:1:1)
    ->[]
function f(x)
  block 3: [entry]
    node 4: constant[undefined,v1] (test/flowgraphbuilder/flowgraph_builder0045.js:1:1)
    ->[block 4]
  block 4:
    node 5: read-variable['x',v1,-] (test/flowgraphbuilder/flowgraph_builder0045.js:1:23)
    ->[block 5]
  block 5: [exit-ordinary]
    node 6: return[v1] (test/flowgraphbuilder/flowgraph_builder0045.js:1:23)
    ->[]
  block 6: [exit-exceptional]
    node 7: exceptional-return (test/flowgraphbuilder/flowgraph_builder0045.js:1:23)
    ->[]

test/flowgraphbuilder/flowgraph_builder0045.js:1:1: [definite] Unreachable function f
