fg2: <main> function()
  block 0: [entry]
    node 0: constant[undefined,v1] (test/flowgraphbuilder/flowgraph_builder0073.js:1:1)
    ->[block 1]
  block 1:
    node 1: read-variable['y',v4,-] (test/flowgraphbuilder/flowgraph_builder0073.js:1:12)
    node 2: if[v4](true-block:2,false-block:3) (test/flowgraphbuilder/flowgraph_builder0073.js:1:12)
    ->[block 2,block 3]
  block 2:
    node 3: read-variable['SyntaxError',v6,v5] (test/flowgraphbuilder/flowgraph_builder0073.js:1:16)
    node 4: constant["hi",v7] (test/flowgraphbuilder/flowgraph_builder0073.js:1:28)
    ->[block 4]
  block 3:
    node 5: read-variable['SyntaxError',v6,v5] (test/flowgraphbuilder/flowgraph_builder0073.js:1:36)
    node 6: constant["ho",v7] (test/flowgraphbuilder/flowgraph_builder0073.js:1:48)
    ->[block 5]
  block 4:
    node 7: call[v5,v6,v7,v3] (test/flowgraphbuilder/flowgraph_builder0073.js:1:16)
    ->[block 6]
  block 5:
    node 8: call[v5,v6,v7,v3] (test/flowgraphbuilder/flowgraph_builder0073.js:1:36)
    ->[block 6]
  block 6:
    node 9: construct[-,v3,v2] (test/flowgraphbuilder/flowgraph_builder0073.js:1:12)
    ->[block 7]
  block 7:
    node 10: throw[v2]* (test/flowgraphbuilder/flowgraph_builder0073.js:1:1)
    ->[block 8]
  block 8: [exit-ordinary]
    node 11: return[v1] (test/flowgraphbuilder/flowgraph_builder0073.js:1:1)
    ->[]
  block 9: [exit-exceptional]
    node 12: exceptional-return (test/flowgraphbuilder/flowgraph_builder0073.js:1:1)
    ->[]

test/flowgraphbuilder/flowgraph_builder0073.js:1:12: [definite] ReferenceError, reading absent variable y
test/flowgraphbuilder/flowgraph_builder0073.js:1:12: [definite] Unreachable code
test/flowgraphbuilder/flowgraph_builder0073.js:1:1: [maybe] Uncaught exception, constructed at [test/flowgraphbuilder/flowgraph_builder0073.js:1:12]
