fg2: <main> function()
  block 0: [entry]
    node 0: constant[undefined,v1] (test/flowgraphbuilder/flowgraph_builder0114.js:1:1)
    node 1: function-decl[function f(x),-] (test/flowgraphbuilder/flowgraph_builder0114.js:1:1)
    ->[block 1]
  block 1:
    node 2: read-variable['f',v3,v2] (test/flowgraphbuilder/flowgraph_builder0114.js:6:1)
    node 3: constant[10.0,v4] (test/flowgraphbuilder/flowgraph_builder0114.js:6:3)
    ->[block 2]
  block 2:
    node 4: call[v2,v3,v4,-]* (test/flowgraphbuilder/flowgraph_builder0114.js:6:1)
    ->[block 3]
  block 3: [exit-ordinary]
    node 5: return[v1] (test/flowgraphbuilder/flowgraph_builder0114.js:1:1)
    ->[]
  block 4: [exit-exceptional]
    node 6: exceptional-return (test/flowgraphbuilder/flowgraph_builder0114.js:1:1)
    ->[]
function f(x)
  block 9: [entry]
    node 13: constant[undefined,v1] (test/flowgraphbuilder/flowgraph_builder0114.js:1:1)
    node 14: function-decl[function g(),-] (test/flowgraphbuilder/flowgraph_builder0114.js:3:2)
    ->[block 10]
  block 10:
    node 15: read-variable['g',v3,v2] (test/flowgraphbuilder/flowgraph_builder0114.js:2:9)
    ->[block 11]
  block 11:
    node 16: call[v2,v3,v1] (test/flowgraphbuilder/flowgraph_builder0114.js:2:9)
    ->[block 12]
  block 12: [exit-ordinary]
    node 17: return[v1] (test/flowgraphbuilder/flowgraph_builder0114.js:3:25)
    ->[]
  block 13: [exit-exceptional]
    node 18: exceptional-return (test/flowgraphbuilder/flowgraph_builder0114.js:3:25)
    ->[]
function g()
  block 5: [entry]
    node 7: constant[undefined,v1] (test/flowgraphbuilder/flowgraph_builder0114.js:3:2)
    ->[block 6]
  block 6:
    node 8: read-variable['x',v2,-] (test/flowgraphbuilder/flowgraph_builder0114.js:3:23)
    node 9: constant[2.0,v3] (test/flowgraphbuilder/flowgraph_builder0114.js:3:25)
    node 10: +[v2,v3,v1] (test/flowgraphbuilder/flowgraph_builder0114.js:3:23)
    ->[block 7]
  block 7: [exit-ordinary]
    node 11: return[v1] (test/flowgraphbuilder/flowgraph_builder0114.js:3:25)
    ->[]
  block 8: [exit-exceptional]
    node 12: exceptional-return (test/flowgraphbuilder/flowgraph_builder0114.js:3:25)
    ->[]

