fg2: <main> function()
  block 0: [entry]
    node 0: constant[undefined,v1] (test/flowgraphbuilder/flowgraph_builder0038.js:1:1)
    ->[block 1]
  block 1:
    node 1: constant[1.0,v4] (test/flowgraphbuilder/flowgraph_builder0038.js:1:8)
    node 2: typeof[v4,v2] (test/flowgraphbuilder/flowgraph_builder0038.js:1:1)
    node 3: constant["integer",v3] (test/flowgraphbuilder/flowgraph_builder0038.js:1:14)
    node 4: ==[v2,v3,-]* (test/flowgraphbuilder/flowgraph_builder0038.js:1:1)
    ->[block 2]
  block 2: [exit-ordinary]
    node 5: return[v1] (test/flowgraphbuilder/flowgraph_builder0038.js:1:1)
    ->[]
  block 3: [exit-exceptional]
    node 6: exceptional-return (test/flowgraphbuilder/flowgraph_builder0038.js:1:1)
    ->[]

