fg2: <main> function()
  block 0: [entry]
    node 0: constant[undefined,v1] (test/flowgraphbuilder/flowgraph_builder0049.js:1:1)
    ->[block 1]
  block 1:
    node 1: read-variable['this',v3,-] (test/flowgraphbuilder/flowgraph_builder0049.js:8:5)
    node 2: read-property[v3,'m',v2] (test/flowgraphbuilder/flowgraph_builder0049.js:8:5)
    node 3: write-variable[v2,'b']* (test/flowgraphbuilder/flowgraph_builder0049.js:8:1)
    node 4: read-variable['this',v4,-] (test/flowgraphbuilder/flowgraph_builder0049.js:9:5)
    node 5: if[v4](true-block:2,false-block:5) (test/flowgraphbuilder/flowgraph_builder0049.js:9:5)
    ->[block 2,block 5]
  block 2:
    node 6: read-variable['b',v5,-] (test/flowgraphbuilder/flowgraph_builder0049.js:9:14)
    node 7: if[v5](true-block:3,false-block:4) (test/flowgraphbuilder/flowgraph_builder0049.js:9:14)
    ->[block 3,block 4]
  block 3:
    node 8: read-variable['this',v6,-] (test/flowgraphbuilder/flowgraph_builder0049.js:9:18)
    node 9: read-property[v6,'m',v4] (test/flowgraphbuilder/flowgraph_builder0049.js:9:18)
    ->[block 5]
  block 4:
    node 10: constant[0.0,v4] (test/flowgraphbuilder/flowgraph_builder0049.js:9:27)
    ->[block 5]
  block 5:
    node 11: write-variable[v4,'a']* (test/flowgraphbuilder/flowgraph_builder0049.js:9:1)
    ->[block 6]
  block 6: [exit-ordinary]
    node 12: return[v1] (test/flowgraphbuilder/flowgraph_builder0049.js:1:1)
    ->[]
  block 7: [exit-exceptional]
    node 13: exceptional-return (test/flowgraphbuilder/flowgraph_builder0049.js:1:1)
    ->[]

test/flowgraphbuilder/flowgraph_builder0049.js:9:5: [definite] The conditional expression is always true
test/flowgraphbuilder/flowgraph_builder0049.js:9:14: [definite] The conditional expression is always false
test/flowgraphbuilder/flowgraph_builder0049.js:9:14: [definite] Variable b is null/undefined
test/flowgraphbuilder/flowgraph_builder0049.js:8:5: [definite] Reading 'this' yields the global object
test/flowgraphbuilder/flowgraph_builder0049.js:8:5: [definite] Reading absent property m
test/flowgraphbuilder/flowgraph_builder0049.js:9:5: [definite] Reading 'this' yields the global object
