fg2: <main> function()
  block 0: [entry]
    node 0: constant[undefined,v1] (test/flowgraphbuilder/flowgraph_builder0140.js:1:1)
    ->[block 1]
  block 1:
    node 1: constant[3.0,v2] (test/flowgraphbuilder/flowgraph_builder0140.js:1:9)
    node 2: constant[1.0,v3] (test/flowgraphbuilder/flowgraph_builder0140.js:2:8)
    node 3: ==[v2,v3,v4] (test/flowgraphbuilder/flowgraph_builder0140.js:1:1)
    node 4: if[v4](true-block:2,false-block:3) (test/flowgraphbuilder/flowgraph_builder0140.js:1:1)
    ->[block 2,block 3]
  block 2:
    node 5: constant[4.0,-]* (test/flowgraphbuilder/flowgraph_builder0140.js:2:11)
    ->[block 3]
  block 3: [exit-ordinary]
    node 6: return[v1] (test/flowgraphbuilder/flowgraph_builder0140.js:1:1)
    ->[]
  block 4: [exit-exceptional]
    node 7: exceptional-return (test/flowgraphbuilder/flowgraph_builder0140.js:1:1)
    ->[]

test/flowgraphbuilder/flowgraph_builder0140.js:1:1: [definite] The conditional expression is always false
