fg2: <main> function()
  block 0: [entry]
    node 0: constant[undefined,v1] (test/flowgraphbuilder/flowgraph_builder0177.js:1:1)
    ->[block 1]
  block 1:
    node 1: read-variable['undefined',v2,-] (test/flowgraphbuilder/flowgraph_builder0177.js:1:5)
    node 2: write-variable[v2,'x']* (test/flowgraphbuilder/flowgraph_builder0177.js:1:1)
    node 3: constant[7.0,v3] (test/flowgraphbuilder/flowgraph_builder0177.js:2:13)
    node 4: write-variable[v3,'undefined']* (test/flowgraphbuilder/flowgraph_builder0177.js:2:1)
    node 5: read-variable['dumpValue',v5,v4] (test/flowgraphbuilder/flowgraph_builder0177.js:3:1)
    node 6: read-variable['x',v7,-] (test/flowgraphbuilder/flowgraph_builder0177.js:3:11)
    node 7: read-variable['undefined',v8,-] (test/flowgraphbuilder/flowgraph_builder0177.js:3:16)
    node 8: ==[v7,v8,v6] (test/flowgraphbuilder/flowgraph_builder0177.js:3:11)
    ->[block 2]
  block 2:
    node 9: call[v4,v5,v6,-]* (test/flowgraphbuilder/flowgraph_builder0177.js:3:1)
    ->[block 3]
  block 3: [exit-ordinary]
    node 10: return[v1] (test/flowgraphbuilder/flowgraph_builder0177.js:1:1)
    ->[]
  block 4: [exit-exceptional]
    node 11: exceptional-return (test/flowgraphbuilder/flowgraph_builder0177.js:1:1)
    ->[]

test/flowgraphbuilder/flowgraph_builder0177.js:3:11: [definite] Variable x is null/undefined
test/flowgraphbuilder/flowgraph_builder0177.js:3:1: [info] Abstract value: false
