fg2: <main> function()
  block 0: [entry]
    node 0: constant[undefined,v1] (test/flowgraphbuilder/flowgraph_builder0165.js:1:1)
    ->[block 1]
  block 1:
    node 1: read-variable['z',v5,-] (test/flowgraphbuilder/flowgraph_builder0165.js:1:1)
    node 2: read-property[v5,'c',v4] (test/flowgraphbuilder/flowgraph_builder0165.js:1:1)
    node 3: <variable-non-null-undef>['z'] (test/flowgraphbuilder/flowgraph_builder0165.js:1:1)
    node 4: read-property[v4,'rows',v3] (test/flowgraphbuilder/flowgraph_builder0165.js:1:1)
    node 5: <property-non-null-undef>[v5,'c'] (test/flowgraphbuilder/flowgraph_builder0165.js:1:1)
    node 6: read-property[v3,'item',-] (test/flowgraphbuilder/flowgraph_builder0165.js:1:1)
    node 7: <property-non-null-undef>[v4,'rows'] (test/flowgraphbuilder/flowgraph_builder0165.js:1:1)
    node 8: constant[0.0,v6] (test/flowgraphbuilder/flowgraph_builder0165.js:1:15)
    ->[block 2]
  block 2:
    node 9: call[v3,'item',v6,-]* (test/flowgraphbuilder/flowgraph_builder0165.js:1:1)
    ->[block 3]
  block 3: [exit-ordinary]
    node 10: return[v1] (test/flowgraphbuilder/flowgraph_builder0165.js:1:1)
    ->[]
  block 4: [exit-exceptional]
    node 11: exceptional-return (test/flowgraphbuilder/flowgraph_builder0165.js:1:1)
    ->[]

test/flowgraphbuilder/flowgraph_builder0165.js:1:1: [definite] ReferenceError, reading absent variable z
test/flowgraphbuilder/flowgraph_builder0165.js:1:1: [definite] Unreachable code
test/flowgraphbuilder/flowgraph_builder0165.js:1:1: [maybe] Uncaught exception, constructed at [test/flowgraphbuilder/flowgraph_builder0165.js:1:1]
