test/micro/test73.js:8:1: [info] Abstract value: 42.0
test/micro/test73.js:9:1: [info] Abstract value: 42.0
