test/micro/test63.js:7:2: [info] Abstract value: IdentStr
test/micro/test63.js:11:1: [info] Abstract value: Undef|IdentStr
test/micro/test63.js:6:1: [info] Reading from unknown property that may cause loss of precision
