test/micro/test123.js:6:3: [definite] Dead assignment, property fd is never read
test/micro/test123.js:6:3: [definite] Dead assignment, property fe is never read
test/micro/test123.js:6:3: [definite] Dead assignment, property fg is never read
test/micro/test123.js:6:3: [definite] Dead assignment, property od is never read
test/micro/test123.js:6:3: [definite] Dead assignment, property oe is never read
test/micro/test123.js:6:3: [definite] Dead assignment, property og is never read
test/micro/test123.js:6:3: [definite] Dead assignment, property td is never read
test/micro/test123.js:6:3: [definite] Dead assignment, property te is never read
test/micro/test123.js:6:3: [definite] Dead assignment, property tg is never read
test/micro/test123.js:10:1: [info] Abstract object: {fd:2.0,fe:1.0,fg:0.0,od:3.0,oe:2.0,og:1.0,td:4.0,te:3.0,tg:2.0,[[Prototype]]=[@Object.prototype[native]]}
