test/micro/test141.js:7:1: [info] Abstract value: 8.0
test/micro/test141.js:8:1: [info] Abstract state:
Abstract state:
  Execution context: ScopeChain=[[@<the global object>[native]]], VariableObject=[@<the global object>[native]], this=[@<the global object>[native]]
  Summarized: maybe=[@<anonymous>#fun2, @Object#node29, @<anonymous>#fun1, @Object#node3, @Object#node7, @activation#node27, @arguments#node27, @activation#node19, @arguments#node19], definitely=[@<anonymous>#fun2, @Object#node29, @<anonymous>#fun1, @Object#node3, @Object#node7, @activation#node27, @arguments#node27, @activation#node19, @arguments#node19]
  Store (excluding basis and default objects): 
    @<the global object>[native] (<initial state>): {C:[@<anonymous>#fun1],dumpState:^(@<the global object>[native].dumpState[present]),dumpValue:^(@<the global object>[native].dumpValue[present]),x:[@Object#node7],[[DefaultArray]]=?,[[DefaultNonArray]]=?,[[Prototype]]=?,[[Value]]=?,[[Scope]]=?}
    @Object.prototype[native] (<initial state>): {inc:^(@Object.prototype[native].inc[absent]),[[DefaultArray]]=?,[[DefaultNonArray]]=?,[[Prototype]]=Null,[[Value]]=?,[[Scope]]=?}
    @<anonymous>#fun1 (test/micro/test141.js:1:9): {length:1.0,prototype:[@Object#node3],[[Prototype]]=[@Function.prototype[native]],[[Scope]]=[[@<the global object>[native]]]}
    @Object#node3 (test/micro/test141.js:1:9): {constructor:[@<anonymous>#fun1],[[Prototype]]=[@Object.prototype[native]],[[Value]]=NaN}
    @activation#node27 (test/micro/test141.js:1:9): {arguments:[@arguments#node27],v:8.0}
    @arguments#node27 (test/micro/test141.js:1:9): {0:7.0,callee:[@<anonymous>#fun1],length:1.0,[[Prototype]]=[@Object.prototype[native]]}
    @<anonymous>#fun2 (test/micro/test141.js:2:14): {length:0.0,prototype:[@Object#node29],[[Prototype]]=[@Function.prototype[native]],[[Scope]]=[[@activation#node27],[@<the global object>[native]]]}
    @Object#node29 (test/micro/test141.js:2:14): {constructor:[@<anonymous>#fun2],[[Prototype]]=[@Object.prototype[native]],[[Value]]=NaN}
    @Object#node7 (test/micro/test141.js:5:13): {inc:[@<anonymous>#fun2],[[Prototype]]=[@Object#node3]}
  Registers: 
    v1=Undef
    v11=[@<the global object>[native]]
    v12=^(@<the global object>[native].dumpState[present])
