test/resig/ejohn18.js:2:10: [definite] Unreachable function
