test/resig/ejohn35.js:6:12: [definite] The assignment to user has no effect
test/resig/ejohn35.js:2:3: [definite] Reading 'this' yields the global object
test/resig/ejohn35.js:6:5: [definite] The variable user is never used
test/resig/ejohn35.js:9:1: [info] Abstract value: "John Resig"
