javascript.js:1:5: [definite] The variable jsVar is never used
