test/sourcelocations/eventhandlerWithMultiLineEvents.tidy.html:10:2: [definite] The variable event is never used
test/sourcelocations/eventhandlerWithMultiLineEvents.tidy.html:10:24: [definite] The variable loooooooooooongVarName is never used
