test/sourcelocations/htmlWithFunctionWithMultiLineEvalInternalJavascript.tidy.html:13:22: [definite] The assignment to functionResult has no effect
test/sourcelocations/htmlWithFunctionWithMultiLineEvalInternalJavascript.tidy.html:11:1: [definite] The variable x is never used
test/sourcelocations/htmlWithFunctionWithMultiLineEvalInternalJavascript.tidy.html:13:5: [definite] The variable functionResult is never used
