test/sunspider/string-base64.js:118:15: [definite] ReferenceError, reading absent variable Components
test/sunspider/string-base64.js:110:13: [definite] The conditional expression is always true
test/sunspider/string-base64.js:118:15: [definite] Unreachable code
test/sunspider/string-base64.js:3:1: [maybe] Uncaught exception, constructed at [test/sunspider/string-base64.js:118:15]
test/sunspider/string-base64.js:51:18: [maybe] Converting primitive string to object
test/sunspider/string-base64.js:55:9: [maybe] Converting undefined to string
test/sunspider/string-base64.js:55:19: [maybe] Converting primitive string to object
test/sunspider/string-base64.js:55:19: [maybe] Reading absent property (computed name)
test/sunspider/string-base64.js:55:33: [maybe] Conversion to number yields NaN
test/sunspider/string-base64.js:55:33: [maybe] Converting primitive string to object
test/sunspider/string-base64.js:55:33: [maybe] Reading absent property (computed name)
test/sunspider/string-base64.js:56:9: [maybe] Converting undefined to string
test/sunspider/string-base64.js:56:19: [maybe] Converting primitive string to object
test/sunspider/string-base64.js:56:19: [maybe] Reading absent property (computed name)
test/sunspider/string-base64.js:56:35: [maybe] Conversion to number yields NaN
test/sunspider/string-base64.js:56:35: [maybe] Converting primitive string to object
test/sunspider/string-base64.js:56:35: [maybe] Reading absent property (computed name)
test/sunspider/string-base64.js:56:60: [maybe] Conversion to number yields NaN
test/sunspider/string-base64.js:56:60: [maybe] Converting primitive string to object
test/sunspider/string-base64.js:56:60: [maybe] Reading absent property (computed name)
test/sunspider/string-base64.js:57:9: [maybe] Converting undefined to string
test/sunspider/string-base64.js:57:19: [maybe] Converting primitive string to object
test/sunspider/string-base64.js:57:19: [maybe] Reading absent property (computed name)
test/sunspider/string-base64.js:57:35: [maybe] Conversion to number yields NaN
test/sunspider/string-base64.js:57:35: [maybe] Converting primitive string to object
test/sunspider/string-base64.js:57:35: [maybe] Reading absent property (computed name)
test/sunspider/string-base64.js:57:62: [maybe] Conversion to number yields NaN
test/sunspider/string-base64.js:57:62: [maybe] Converting primitive string to object
test/sunspider/string-base64.js:57:62: [maybe] Reading absent property (computed name)
test/sunspider/string-base64.js:58:9: [maybe] Converting undefined to string
test/sunspider/string-base64.js:58:19: [maybe] Converting primitive string to object
test/sunspider/string-base64.js:58:19: [maybe] Reading absent property (computed name)
test/sunspider/string-base64.js:58:33: [maybe] Conversion to number yields NaN
test/sunspider/string-base64.js:58:33: [maybe] Converting primitive string to object
test/sunspider/string-base64.js:58:33: [maybe] Reading absent property (computed name)
test/sunspider/string-base64.js:64:9: [maybe] Converting undefined to string
test/sunspider/string-base64.js:64:19: [maybe] Converting primitive string to object
test/sunspider/string-base64.js:64:19: [maybe] Reading absent property (computed name)
test/sunspider/string-base64.js:64:33: [maybe] Conversion to number yields NaN
test/sunspider/string-base64.js:64:33: [maybe] Converting primitive string to object
test/sunspider/string-base64.js:64:33: [maybe] Reading absent property (computed name)
test/sunspider/string-base64.js:66:13: [maybe] Converting undefined to string
test/sunspider/string-base64.js:66:23: [maybe] Converting primitive string to object
test/sunspider/string-base64.js:66:23: [maybe] Reading absent property (computed name)
test/sunspider/string-base64.js:66:39: [maybe] Conversion to number yields NaN
test/sunspider/string-base64.js:66:39: [maybe] Converting primitive string to object
test/sunspider/string-base64.js:66:39: [maybe] Reading absent property (computed name)
test/sunspider/string-base64.js:66:64: [maybe] Conversion to number yields NaN
test/sunspider/string-base64.js:66:64: [maybe] Converting primitive string to object
test/sunspider/string-base64.js:66:64: [maybe] Reading absent property (computed name)
test/sunspider/string-base64.js:67:13: [maybe] Converting undefined to string
test/sunspider/string-base64.js:67:23: [maybe] Converting primitive string to object
test/sunspider/string-base64.js:67:23: [maybe] Reading absent property (computed name)
test/sunspider/string-base64.js:67:38: [maybe] Conversion to number yields NaN
test/sunspider/string-base64.js:67:38: [maybe] Converting primitive string to object
test/sunspider/string-base64.js:67:38: [maybe] Reading absent property (computed name)
test/sunspider/string-base64.js:70:13: [maybe] Converting undefined to string
test/sunspider/string-base64.js:70:23: [maybe] Converting primitive string to object
test/sunspider/string-base64.js:70:23: [maybe] Reading absent property (computed name)
test/sunspider/string-base64.js:70:38: [maybe] Conversion to number yields NaN
test/sunspider/string-base64.js:70:38: [maybe] Converting primitive string to object
test/sunspider/string-base64.js:70:38: [maybe] Reading absent property (computed name)
test/sunspider/string-base64.js:96:25: [maybe] Converting primitive string to object
test/sunspider/string-base64.js:97:17: [maybe] Reading absent property (computed name)
test/sunspider/string-base64.js:97:31: [maybe] Conversion from string to number yields NaN
test/sunspider/string-base64.js:97:31: [maybe] Converting object to string
test/sunspider/string-base64.js:97:31: [maybe] Converting primitive string to object
test/sunspider/string-base64.js:98:24: [maybe] Converting primitive string to object
test/sunspider/string-base64.js:98:24: [maybe] Reading absent property (computed name)
test/sunspider/string-base64.js:103:21: [maybe] Conversion to number yields NaN
test/sunspider/string-base64.js:144:1: [info] Abstract value: UInt
