test/v8tests/string-localecompare.js:34:1: [definite] ReferenceError, reading absent variable assertTrue
test/v8tests/string-localecompare.js:34:12: [definite] Unreachable code
test/v8tests/string-localecompare.js:1:1: [maybe] Uncaught exception, constructed at [test/v8tests/string-localecompare.js:34:1]
