test/v8tests/number-tostring.js:30:1: [definite] ReferenceError, reading absent variable assertEquals
test/v8tests/number-tostring.js:30:14: [definite] Unreachable code
test/v8tests/number-tostring.js:1:1: [maybe] Uncaught exception, constructed at [test/v8tests/number-tostring.js:30:1]
