test/v8tests/mirror-boolean.js:33:16: [definite] ReferenceError, reading absent variable debug
test/v8tests/mirror-boolean.js:31:1: [definite] The variable b is never used
test/v8tests/mirror-boolean.js:33:7: [definite] The variable mirror is never used
test/v8tests/mirror-boolean.js:33:16: [definite] Unreachable code
test/v8tests/mirror-boolean.js:34:7: [definite] The variable json is never used
test/v8tests/mirror-boolean.js:50:7: [definite] The variable fromJSON is never used
test/v8tests/mirror-boolean.js:58:1: [definite] Unreachable code
test/v8tests/mirror-boolean.js:1:1: [maybe] Uncaught exception, constructed at [test/v8tests/mirror-boolean.js:33:16]
