test/v8tests/integer-to-string.js:30:5: [definite] ReferenceError, reading absent variable assertEquals
test/v8tests/integer-to-string.js:29:3: [definite] The conditional expression is always true
test/v8tests/integer-to-string.js:30:18: [definite] Unreachable code
test/v8tests/integer-to-string.js:1:1: [maybe] Uncaught exception, constructed at [test/v8tests/integer-to-string.js:30:5]
