test/v8tests/escape.js:37:1: [definite] ReferenceError, reading absent variable assertEquals
test/v8tests/escape.js:34:5: [definite] The variable unescaped is never used
test/v8tests/escape.js:37:14: [definite] Unreachable code
test/v8tests/escape.js:52:10: [definite] The variable i is never used
test/v8tests/escape.js:53:7: [definite] The variable s is never used
test/v8tests/escape.js:68:5: [definite] The variable example is never used
test/v8tests/escape.js:114:5: [definite] The variable eexample is never used
test/v8tests/escape.js:1:1: [maybe] Uncaught exception, constructed at [test/v8tests/escape.js:37:1]
